// Jest Snapshot v1, https://goo.gl/fbAQLP

exports[`Day matches full snapshot 1`] = `
<div class="q-list">
    <div class="day">
        <div class="q-list-header ">Lunes, 18 de Septiembre</div>
        <div>
            <div class="q-item q-item-division relative-position q-item-highlight">
                Anarchy in the JS - SCBCN
            </div>
        </div>
        <div>
            <div class="q-item q-item-division relative-position q-item-highlight">
                Vegan Microservices - Around the world
            </div>
        </div>
    </div>
</div>
`;
