// Jest Snapshot v1, https://goo.gl/fbAQLP

exports[`Days matches full snapshot 1`] = `
<div class="full-width">
  <!---->
  <div>
    <div>
      <div class="day">
        <div class="q-card-primary q-card-container row no-wrap">
          <div class="col column">
            <div class="q-card-title">Lunes, 18 De Septiembre</div>
            <div class="q-card-subtitle"></div>
          </div>
          <div class="col-auto self-center q-card-title-extra"></div>
        </div>
        <div>
          <div class="q-card">
            <div class="q-item q-item-division relative-position">
              <div class="q-item-side q-item-section q-item-side-left"><img src="http://www.zaragoza.es/cont/paginas/actividades/imagen/web_320x480px.png" class="q-item-image"></div>
              <div class="q-item-main q-item-section">
                <div class="q-item-label">Anarchy in the Jota S</div>
                <div class="q-item-sublabel">SCBCN</div>
              </div>
            </div>
          </div>
        </div>
        <div>
          <div class="q-card">
            <div class="q-item q-item-division relative-position">
              <div class="q-item-side q-item-section q-item-side-left"><img src="http://www.wtf.es/wtf.png" class="q-item-image"></div>
              <div class="q-item-main q-item-section">
                <div class="q-item-label">Jotas de Codely TV</div>
                <div class="q-item-sublabel">Around the world</div>
              </div>
            </div>
          </div>
        </div>
      </div>
    </div>
  </div> <button tabindex="0" type="button" class="q-btn inline relative-position q-btn-item non-selectable fixed-bottom-right q-btn-round q-focusable q-hoverable bg-secondary text-white hidden" style="margin: 0px 15px 15px 0px;">
    <div class="q-focus-helper"></div>
    <div class="q-btn-inner row col items-center justify-center"><i aria-hidden="true" class="q-icon material-icons">keyboard_arrow_up</i></div>
  </button>
</div>
`;
