// Jest Snapshot v1, https://goo.gl/fbAQLP

exports[`Days matches full snapshot 1`] = `
<div class="full-width">
    <!---->
    <div>
        <div>
            <div class="day">
                <div class="q-card-primary q-card-container row no-wrap">
                    <div class="col column">
                        <div class="q-card-title">Lunes, 18 De Septiembre</div>
                        <div class="q-card-subtitle"></div>
                    </div>
                    <div class="col-auto self-center q-card-title-extra"></div>
                </div>
                <div>
                    <div class="q-card">
                        <div class="q-item q-item-division relative-position"><img src="http://www.zaragoza.es/cont/paginas/actividades/imagen/web_320x480px.png" class="q-item-side q-item-side-left q-item-section q-item-image">
                            <div class="q-item-main q-item-section">
                                <div class="q-item-label">Anarchy in the Jota S</div>
                                <div class="q-item-sublabel">SCBCN</div>
                            </div>
                        </div>
                    </div>
                </div>
                <div>
                    <div class="q-card">
                        <div class="q-item q-item-division relative-position"><img src="http://www.wtf.es/wtf.png" class="q-item-side q-item-side-left q-item-section q-item-image">
                            <div class="q-item-main q-item-section">
                                <div class="q-item-label">Jotas de Codely TV</div>
                                <div class="q-item-sublabel">Around the world</div>
                            </div>
                        </div>
                    </div>
                </div>
            </div>
        </div>
    </div> <button class="q-btn row inline flex-center q-focusable q-hoverable relative-position fixed-bottom-right q-btn-round q-btn-standard bg-secondary text-white hidden" style="margin: 0px 15px 15px 0px;"><div class="desktop-only q-focus-helper"></div> <!----> <span class="q-btn-inner row col flex-center"><!----> <i aria-hidden="true" class="q-icon material-icons">keyboard_arrow_up</i> <!----></span></button></div>
`;
