// Jest Snapshot v1, https://goo.gl/fbAQLP

exports[`New Gig matches full snapshot 1`] = `
<div>
    <div value="">
        <div><label>Name</label>
            <div class="q-if row no-wrap items-center relative-position q-input text-primary" required="required">
                <!---->
                <div class="q-if-inner col row no-wrap items-center relative-position">
                    <!---->
                    <!----><input type="text" class="col q-input-target text-left">
                    <!---->
                    <!---->
                    <!---->
                    <!---->
                </div>
                <!---->
            </div> <span><span class="label text-red" style="display: none;">

        Name is required.
      </span><span class="label text-red" style="display: none;">

        Minimum 5 characters.
      </span><span class="label text-red" style="display: none;">

        Maximum 20 characters.
      </span></span>
        </div>
    </div>
</div>
`;
